// Jest Snapshot v1, https://goo.gl/fbAQLP

exports[`Tests for GifExpertApp component should compare snapshot with component 1`] = `
<Fragment>
  <header>
    <h2
      className="header-title"
    >
      GifExpertApp
    </h2>
    <AddCategory
      setCategories={[Function]}
    />
    <hr />
  </header>
  <section>
    <GifGrid
      category="Love"
      key="Love"
    />
    <GifGrid
      category="God"
      key="God"
    />
  </section>
</Fragment>
`;
